Conversion Warnings Log


MSG_ID: 131 	MSG_TYPE: S 	MSG_NAME: Start_PreCharge
	SIG_NAME: Precharge_Request, STATUS: Invalid Max or Min value., ACTION: Value Set to default

MSG_ID: 1536 	MSG_TYPE: S 	MSG_NAME: Slave_01_Voltage_ID_1
	SIG_NAME: cell_voltage_1, STATUS: Invalid Max or Min value., ACTION: Value Set to default
	SIG_NAME: cell_voltage_2, STATUS: Invalid Max or Min value., ACTION: Value Set to default
	SIG_NAME: cell_voltage_3, STATUS: Invalid Max or Min value., ACTION: Value Set to default
	SIG_NAME: cell_voltage_4, STATUS: Invalid Max or Min value., ACTION: Value Set to default

MSG_ID: 1537 	MSG_TYPE: S 	MSG_NAME: Slave_01_Voltage_ID_2
	SIG_NAME: cell_voltage_5, STATUS: Invalid Max or Min value., ACTION: Value Set to default
	SIG_NAME: cell_voltage_6, STATUS: Invalid Max or Min value., ACTION: Value Set to default
	SIG_NAME: cell_voltage_7, STATUS: Invalid Max or Min value., ACTION: Value Set to default
	SIG_NAME: cell_voltage_8, STATUS: Invalid Max or Min value., ACTION: Value Set to default

MSG_ID: 1538 	MSG_TYPE: S 	MSG_NAME: Slave_01_Voltage_ID_3
	SIG_NAME: cell_voltage_9, STATUS: Invalid Max or Min value., ACTION: Value Set to default
	SIG_NAME: cell_voltage_10, STATUS: Invalid Max or Min value., ACTION: Value Set to default
	SIG_NAME: cell_voltage_11, STATUS: Invalid Max or Min value., ACTION: Value Set to default
	SIG_NAME: cell_voltage_12, STATUS: Invalid Max or Min value., ACTION: Value Set to default

MSG_ID: 1539 	MSG_TYPE: S 	MSG_NAME: Slave_01_Temperature_ID_1
	SIG_NAME: temperature_value_1, STATUS: Invalid Max or Min value., ACTION: Value Set to default
	SIG_NAME: temperature_value_2, STATUS: Invalid Max or Min value., ACTION: Value Set to default
	SIG_NAME: temperature_value_3, STATUS: Invalid Max or Min value., ACTION: Value Set to default
	SIG_NAME: temperature_value_4, STATUS: Invalid Max or Min value., ACTION: Value Set to default

MSG_ID: 1540 	MSG_TYPE: S 	MSG_NAME: Slave_01_Temperature_ID_2
	SIG_NAME: temperature_value_5, STATUS: Invalid Max or Min value., ACTION: Value Set to default
	SIG_NAME: temperature_value_6, STATUS: Invalid Max or Min value., ACTION: Value Set to default
	SIG_NAME: temperature_maximum, STATUS: Invalid Max or Min value., ACTION: Value Set to default
	SIG_NAME: temperature_delta, STATUS: Invalid Max or Min value., ACTION: Value Set to default

MSG_ID: 1541 	MSG_TYPE: S 	MSG_NAME: Slave_01_MSC_ID_1
	SIG_NAME: module_voltage_sum, STATUS: Invalid Max or Min value., ACTION: Value Set to default
	SIG_NAME: module_voltage_avg, STATUS: Invalid Max or Min value., ACTION: Value Set to default
	SIG_NAME: module_voltage_min, STATUS: Invalid Max or Min value., ACTION: Value Set to default
	SIG_NAME: module_voltage_max, STATUS: Invalid Max or Min value., ACTION: Value Set to default

MSG_ID: 1542 	MSG_TYPE: S 	MSG_NAME: Slave_01_MSC_ID_2
	SIG_NAME: module_voltage_delta, STATUS: Invalid Max or Min value., ACTION: Value Set to default
	SIG_NAME: module_ic_voltage, STATUS: Invalid Max or Min value., ACTION: Value Set to default
	SIG_NAME: module_ic_temperature, STATUS: Invalid Max or Min value., ACTION: Value Set to default
	SIG_NAME: module_overvoltage, STATUS: Invalid Max or Min value., ACTION: Value Set to default
	SIG_NAME: module_undervoltage, STATUS: Invalid Max or Min value., ACTION: Value Set to default
	SIG_NAME: module_under_over_identifier, STATUS: Invalid Max or Min value., ACTION: Value Set to default

MSG_ID: 1543 	MSG_TYPE: S 	MSG_NAME: Slave_02_Voltage_ID_1
	SIG_NAME: cell_voltage_1, STATUS: Invalid Max or Min value., ACTION: Value Set to default
	SIG_NAME: cell_voltage_2, STATUS: Invalid Max or Min value., ACTION: Value Set to default
	SIG_NAME: cell_voltage_3, STATUS: Invalid Max or Min value., ACTION: Value Set to default
	SIG_NAME: cell_voltage_4, STATUS: Invalid Max or Min value., ACTION: Value Set to default

MSG_ID: 1544 	MSG_TYPE: S 	MSG_NAME: Slave_02_Voltage_ID_2
	SIG_NAME: cell_voltage_5, STATUS: Invalid Max or Min value., ACTION: Value Set to default
	SIG_NAME: cell_voltage_6, STATUS: Invalid Max or Min value., ACTION: Value Set to default
	SIG_NAME: cell_voltage_7, STATUS: Invalid Max or Min value., ACTION: Value Set to default
	SIG_NAME: cell_voltage_8, STATUS: Invalid Max or Min value., ACTION: Value Set to default

MSG_ID: 1545 	MSG_TYPE: S 	MSG_NAME: Slave_02_Voltage_ID_3
	SIG_NAME: cell_voltage_9, STATUS: Invalid Max or Min value., ACTION: Value Set to default
	SIG_NAME: cell_voltage_10, STATUS: Invalid Max or Min value., ACTION: Value Set to default
	SIG_NAME: cell_voltage_11, STATUS: Invalid Max or Min value., ACTION: Value Set to default
	SIG_NAME: cell_voltage_12, STATUS: Invalid Max or Min value., ACTION: Value Set to default

MSG_ID: 1546 	MSG_TYPE: S 	MSG_NAME: Slave_02_Temperature_ID_1
	SIG_NAME: temperature_value_1, STATUS: Invalid Max or Min value., ACTION: Value Set to default
	SIG_NAME: temperature_value_2, STATUS: Invalid Max or Min value., ACTION: Value Set to default
	SIG_NAME: temperature_value_3, STATUS: Invalid Max or Min value., ACTION: Value Set to default
	SIG_NAME: temperature_value_4, STATUS: Invalid Max or Min value., ACTION: Value Set to default

MSG_ID: 1547 	MSG_TYPE: S 	MSG_NAME: Slave_02_Temperature_ID_2
	SIG_NAME: temperature_value_5, STATUS: Invalid Max or Min value., ACTION: Value Set to default
	SIG_NAME: temperature_value_6, STATUS: Invalid Max or Min value., ACTION: Value Set to default
	SIG_NAME: temperature_maximum, STATUS: Invalid Max or Min value., ACTION: Value Set to default
	SIG_NAME: temperature_delta, STATUS: Invalid Max or Min value., ACTION: Value Set to default

MSG_ID: 1548 	MSG_TYPE: S 	MSG_NAME: Slave_02_MSC_ID_1
	SIG_NAME: module_voltage_sum, STATUS: Invalid Max or Min value., ACTION: Value Set to default
	SIG_NAME: module_voltage_avg, STATUS: Invalid Max or Min value., ACTION: Value Set to default
	SIG_NAME: module_voltage_min, STATUS: Invalid Max or Min value., ACTION: Value Set to default
	SIG_NAME: module_voltage_max, STATUS: Invalid Max or Min value., ACTION: Value Set to default

MSG_ID: 1549 	MSG_TYPE: S 	MSG_NAME: Slave_02_MSC_ID_2
	SIG_NAME: module_voltage_delta, STATUS: Invalid Max or Min value., ACTION: Value Set to default
	SIG_NAME: module_ic_voltage, STATUS: Invalid Max or Min value., ACTION: Value Set to default
	SIG_NAME: module_ic_temperature, STATUS: Invalid Max or Min value., ACTION: Value Set to default
	SIG_NAME: module_overvoltage, STATUS: Invalid Max or Min value., ACTION: Value Set to default
	SIG_NAME: module_undervoltage, STATUS: Invalid Max or Min value., ACTION: Value Set to default
	SIG_NAME: module_under_over_identifier, STATUS: Invalid Max or Min value., ACTION: Value Set to default

MSG_ID: 1550 	MSG_TYPE: S 	MSG_NAME: Slave_03_Voltage_ID_1
	SIG_NAME: cell_voltage_1, STATUS: Invalid Max or Min value., ACTION: Value Set to default
	SIG_NAME: cell_voltage_2, STATUS: Invalid Max or Min value., ACTION: Value Set to default
	SIG_NAME: cell_voltage_3, STATUS: Invalid Max or Min value., ACTION: Value Set to default
	SIG_NAME: cell_voltage_4, STATUS: Invalid Max or Min value., ACTION: Value Set to default

MSG_ID: 1551 	MSG_TYPE: S 	MSG_NAME: Slave_03_Voltage_ID_2
	SIG_NAME: cell_voltage_5, STATUS: Invalid Max or Min value., ACTION: Value Set to default
	SIG_NAME: cell_voltage_6, STATUS: Invalid Max or Min value., ACTION: Value Set to default
	SIG_NAME: cell_voltage_7, STATUS: Invalid Max or Min value., ACTION: Value Set to default
	SIG_NAME: cell_voltage_8, STATUS: Invalid Max or Min value., ACTION: Value Set to default

MSG_ID: 1552 	MSG_TYPE: S 	MSG_NAME: Slave_03_Voltage_ID_3
	SIG_NAME: cell_voltage_9, STATUS: Invalid Max or Min value., ACTION: Value Set to default
	SIG_NAME: cell_voltage_10, STATUS: Invalid Max or Min value., ACTION: Value Set to default
	SIG_NAME: cell_voltage_11, STATUS: Invalid Max or Min value., ACTION: Value Set to default
	SIG_NAME: cell_voltage_12, STATUS: Invalid Max or Min value., ACTION: Value Set to default

MSG_ID: 1553 	MSG_TYPE: S 	MSG_NAME: Slave_03_Temperature_ID_1
	SIG_NAME: temperature_value_1, STATUS: Invalid Max or Min value., ACTION: Value Set to default
	SIG_NAME: temperature_value_2, STATUS: Invalid Max or Min value., ACTION: Value Set to default
	SIG_NAME: temperature_value_3, STATUS: Invalid Max or Min value., ACTION: Value Set to default
	SIG_NAME: temperature_value_4, STATUS: Invalid Max or Min value., ACTION: Value Set to default

MSG_ID: 1554 	MSG_TYPE: S 	MSG_NAME: Slave_03_Temperature_ID_2
	SIG_NAME: temperature_value_5, STATUS: Invalid Max or Min value., ACTION: Value Set to default
	SIG_NAME: temperature_value_6, STATUS: Invalid Max or Min value., ACTION: Value Set to default
	SIG_NAME: temperature_maximum, STATUS: Invalid Max or Min value., ACTION: Value Set to default
	SIG_NAME: temperature_delta, STATUS: Invalid Max or Min value., ACTION: Value Set to default

MSG_ID: 1555 	MSG_TYPE: S 	MSG_NAME: Slave_03_MSC_ID_1
	SIG_NAME: module_voltage_sum, STATUS: Invalid Max or Min value., ACTION: Value Set to default
	SIG_NAME: module_voltage_avg, STATUS: Invalid Max or Min value., ACTION: Value Set to default
	SIG_NAME: module_voltage_min, STATUS: Invalid Max or Min value., ACTION: Value Set to default
	SIG_NAME: module_voltage_max, STATUS: Invalid Max or Min value., ACTION: Value Set to default

MSG_ID: 1556 	MSG_TYPE: S 	MSG_NAME: Slave_03_MSC_ID_2
	SIG_NAME: module_voltage_delta, STATUS: Invalid Max or Min value., ACTION: Value Set to default
	SIG_NAME: module_ic_voltage, STATUS: Invalid Max or Min value., ACTION: Value Set to default
	SIG_NAME: module_ic_temperature, STATUS: Invalid Max or Min value., ACTION: Value Set to default

MSG_ID: 1557 	MSG_TYPE: S 	MSG_NAME: Slave_04_Voltage_ID_1
	SIG_NAME: cell_voltage_1, STATUS: Invalid Max or Min value., ACTION: Value Set to default
	SIG_NAME: cell_voltage_2, STATUS: Invalid Max or Min value., ACTION: Value Set to default
	SIG_NAME: cell_voltage_3, STATUS: Invalid Max or Min value., ACTION: Value Set to default
	SIG_NAME: cell_voltage_4, STATUS: Invalid Max or Min value., ACTION: Value Set to default

MSG_ID: 1558 	MSG_TYPE: S 	MSG_NAME: Slave_04_Voltage_ID_2
	SIG_NAME: cell_voltage_5, STATUS: Invalid Max or Min value., ACTION: Value Set to default
	SIG_NAME: cell_voltage_6, STATUS: Invalid Max or Min value., ACTION: Value Set to default
	SIG_NAME: cell_voltage_7, STATUS: Invalid Max or Min value., ACTION: Value Set to default
	SIG_NAME: cell_voltage_8, STATUS: Invalid Max or Min value., ACTION: Value Set to default

MSG_ID: 1559 	MSG_TYPE: S 	MSG_NAME: Slave_04_Voltage_ID_3
	SIG_NAME: cell_voltage_9, STATUS: Invalid Max or Min value., ACTION: Value Set to default
	SIG_NAME: cell_voltage_10, STATUS: Invalid Max or Min value., ACTION: Value Set to default
	SIG_NAME: cell_voltage_11, STATUS: Invalid Max or Min value., ACTION: Value Set to default
	SIG_NAME: cell_voltage_12, STATUS: Invalid Max or Min value., ACTION: Value Set to default

MSG_ID: 1560 	MSG_TYPE: S 	MSG_NAME: Slave_04_Temperature_ID_1
	SIG_NAME: temperature_value_1, STATUS: Invalid Max or Min value., ACTION: Value Set to default
	SIG_NAME: temperature_value_2, STATUS: Invalid Max or Min value., ACTION: Value Set to default
	SIG_NAME: temperature_value_3, STATUS: Invalid Max or Min value., ACTION: Value Set to default
	SIG_NAME: temperature_value_4, STATUS: Invalid Max or Min value., ACTION: Value Set to default

MSG_ID: 1561 	MSG_TYPE: S 	MSG_NAME: Slave_04_Temperature_ID_2
	SIG_NAME: temperature_value_5, STATUS: Invalid Max or Min value., ACTION: Value Set to default
	SIG_NAME: temperature_value_6, STATUS: Invalid Max or Min value., ACTION: Value Set to default
	SIG_NAME: temperature_maximum, STATUS: Invalid Max or Min value., ACTION: Value Set to default
	SIG_NAME: temperature_delta, STATUS: Invalid Max or Min value., ACTION: Value Set to default

MSG_ID: 1562 	MSG_TYPE: S 	MSG_NAME: Slave_04_MSC_ID_1
	SIG_NAME: module_voltage_sum, STATUS: Invalid Max or Min value., ACTION: Value Set to default
	SIG_NAME: module_voltage_avg, STATUS: Invalid Max or Min value., ACTION: Value Set to default
	SIG_NAME: module_voltage_min, STATUS: Invalid Max or Min value., ACTION: Value Set to default
	SIG_NAME: module_voltage_max, STATUS: Invalid Max or Min value., ACTION: Value Set to default

MSG_ID: 1563 	MSG_TYPE: S 	MSG_NAME: Slave_04_MSC_ID_2
	SIG_NAME: module_voltage_delta, STATUS: Invalid Max or Min value., ACTION: Value Set to default
	SIG_NAME: module_ic_voltage, STATUS: Invalid Max or Min value., ACTION: Value Set to default
	SIG_NAME: module_ic_temperature, STATUS: Invalid Max or Min value., ACTION: Value Set to default

MSG_ID: 1564 	MSG_TYPE: S 	MSG_NAME: Slave_05_Voltage_ID_1
	SIG_NAME: cell_voltage_1, STATUS: Invalid Max or Min value., ACTION: Value Set to default
	SIG_NAME: cell_voltage_2, STATUS: Invalid Max or Min value., ACTION: Value Set to default
	SIG_NAME: cell_voltage_3, STATUS: Invalid Max or Min value., ACTION: Value Set to default
	SIG_NAME: cell_voltage_4, STATUS: Invalid Max or Min value., ACTION: Value Set to default

MSG_ID: 1565 	MSG_TYPE: S 	MSG_NAME: Slave_05_Voltage_ID_2
	SIG_NAME: cell_voltage_5, STATUS: Invalid Max or Min value., ACTION: Value Set to default
	SIG_NAME: cell_voltage_6, STATUS: Invalid Max or Min value., ACTION: Value Set to default
	SIG_NAME: cell_voltage_7, STATUS: Invalid Max or Min value., ACTION: Value Set to default
	SIG_NAME: cell_voltage_8, STATUS: Invalid Max or Min value., ACTION: Value Set to default

MSG_ID: 1566 	MSG_TYPE: S 	MSG_NAME: Slave_05_Voltage_ID_3
	SIG_NAME: cell_voltage_9, STATUS: Invalid Max or Min value., ACTION: Value Set to default
	SIG_NAME: cell_voltage_10, STATUS: Invalid Max or Min value., ACTION: Value Set to default
	SIG_NAME: cell_voltage_11, STATUS: Invalid Max or Min value., ACTION: Value Set to default
	SIG_NAME: cell_voltage_12, STATUS: Invalid Max or Min value., ACTION: Value Set to default

MSG_ID: 1567 	MSG_TYPE: S 	MSG_NAME: Slave_05_Temperature_ID_1
	SIG_NAME: temperature_value_1, STATUS: Invalid Max or Min value., ACTION: Value Set to default
	SIG_NAME: temperature_value_2, STATUS: Invalid Max or Min value., ACTION: Value Set to default
	SIG_NAME: temperature_value_3, STATUS: Invalid Max or Min value., ACTION: Value Set to default
	SIG_NAME: temperature_value_4, STATUS: Invalid Max or Min value., ACTION: Value Set to default

MSG_ID: 1568 	MSG_TYPE: S 	MSG_NAME: Slave_05_Temperature_ID_2
	SIG_NAME: temperature_value_5, STATUS: Invalid Max or Min value., ACTION: Value Set to default
	SIG_NAME: temperature_value_6, STATUS: Invalid Max or Min value., ACTION: Value Set to default
	SIG_NAME: temperature_maximum, STATUS: Invalid Max or Min value., ACTION: Value Set to default
	SIG_NAME: temperature_delta, STATUS: Invalid Max or Min value., ACTION: Value Set to default

MSG_ID: 1569 	MSG_TYPE: S 	MSG_NAME: Slave_05_MSC_ID_1
	SIG_NAME: module_voltage_sum, STATUS: Invalid Max or Min value., ACTION: Value Set to default
	SIG_NAME: module_voltage_avg, STATUS: Invalid Max or Min value., ACTION: Value Set to default
	SIG_NAME: module_voltage_min, STATUS: Invalid Max or Min value., ACTION: Value Set to default
	SIG_NAME: module_voltage_max, STATUS: Invalid Max or Min value., ACTION: Value Set to default

MSG_ID: 1570 	MSG_TYPE: S 	MSG_NAME: Slave_05_MSC_ID_2
	SIG_NAME: module_voltage_delta, STATUS: Invalid Max or Min value., ACTION: Value Set to default
	SIG_NAME: module_ic_voltage, STATUS: Invalid Max or Min value., ACTION: Value Set to default
	SIG_NAME: module_ic_temperature, STATUS: Invalid Max or Min value., ACTION: Value Set to default

MSG_ID: 1571 	MSG_TYPE: S 	MSG_NAME: Slave_06_Voltage_ID_1
	SIG_NAME: cell_voltage_1, STATUS: Invalid Max or Min value., ACTION: Value Set to default
	SIG_NAME: cell_voltage_2, STATUS: Invalid Max or Min value., ACTION: Value Set to default
	SIG_NAME: cell_voltage_3, STATUS: Invalid Max or Min value., ACTION: Value Set to default
	SIG_NAME: cell_voltage_4, STATUS: Invalid Max or Min value., ACTION: Value Set to default

MSG_ID: 1572 	MSG_TYPE: S 	MSG_NAME: Slave_06_Voltage_ID_2
	SIG_NAME: cell_voltage_5, STATUS: Invalid Max or Min value., ACTION: Value Set to default
	SIG_NAME: cell_voltage_6, STATUS: Invalid Max or Min value., ACTION: Value Set to default
	SIG_NAME: cell_voltage_7, STATUS: Invalid Max or Min value., ACTION: Value Set to default
	SIG_NAME: cell_voltage_8, STATUS: Invalid Max or Min value., ACTION: Value Set to default

MSG_ID: 1573 	MSG_TYPE: S 	MSG_NAME: Slave_06_Voltage_ID_3
	SIG_NAME: cell_voltage_9, STATUS: Invalid Max or Min value., ACTION: Value Set to default
	SIG_NAME: cell_voltage_10, STATUS: Invalid Max or Min value., ACTION: Value Set to default
	SIG_NAME: cell_voltage_11, STATUS: Invalid Max or Min value., ACTION: Value Set to default
	SIG_NAME: cell_voltage_12, STATUS: Invalid Max or Min value., ACTION: Value Set to default

MSG_ID: 1574 	MSG_TYPE: S 	MSG_NAME: Slave_06_Temperature_ID_1
	SIG_NAME: temperature_value_1, STATUS: Invalid Max or Min value., ACTION: Value Set to default
	SIG_NAME: temperature_value_2, STATUS: Invalid Max or Min value., ACTION: Value Set to default
	SIG_NAME: temperature_value_3, STATUS: Invalid Max or Min value., ACTION: Value Set to default
	SIG_NAME: temperature_value_4, STATUS: Invalid Max or Min value., ACTION: Value Set to default

MSG_ID: 1575 	MSG_TYPE: S 	MSG_NAME: Slave_06_Temperature_ID_2
	SIG_NAME: temperature_value_5, STATUS: Invalid Max or Min value., ACTION: Value Set to default
	SIG_NAME: temperature_value_6, STATUS: Invalid Max or Min value., ACTION: Value Set to default
	SIG_NAME: temperature_maximum, STATUS: Invalid Max or Min value., ACTION: Value Set to default
	SIG_NAME: temperature_delta, STATUS: Invalid Max or Min value., ACTION: Value Set to default

MSG_ID: 1576 	MSG_TYPE: S 	MSG_NAME: Slave_06_MSC_ID_1
	SIG_NAME: module_voltage_sum, STATUS: Invalid Max or Min value., ACTION: Value Set to default
	SIG_NAME: module_voltage_avg, STATUS: Invalid Max or Min value., ACTION: Value Set to default
	SIG_NAME: module_voltage_min, STATUS: Invalid Max or Min value., ACTION: Value Set to default
	SIG_NAME: module_voltage_max, STATUS: Invalid Max or Min value., ACTION: Value Set to default

MSG_ID: 1577 	MSG_TYPE: S 	MSG_NAME: Slave_06_MSC_ID_2
	SIG_NAME: module_voltage_delta, STATUS: Invalid Max or Min value., ACTION: Value Set to default
	SIG_NAME: module_ic_voltage, STATUS: Invalid Max or Min value., ACTION: Value Set to default
	SIG_NAME: module_ic_temperature, STATUS: Invalid Max or Min value., ACTION: Value Set to default

MSG_ID: 1578 	MSG_TYPE: S 	MSG_NAME: Slave_07_Voltage_ID_1
	SIG_NAME: cell_voltage_1, STATUS: Invalid Max or Min value., ACTION: Value Set to default
	SIG_NAME: cell_voltage_2, STATUS: Invalid Max or Min value., ACTION: Value Set to default
	SIG_NAME: cell_voltage_3, STATUS: Invalid Max or Min value., ACTION: Value Set to default
	SIG_NAME: cell_voltage_4, STATUS: Invalid Max or Min value., ACTION: Value Set to default

MSG_ID: 1579 	MSG_TYPE: S 	MSG_NAME: Slave_07_Voltage_ID_2
	SIG_NAME: cell_voltage_5, STATUS: Invalid Max or Min value., ACTION: Value Set to default
	SIG_NAME: cell_voltage_6, STATUS: Invalid Max or Min value., ACTION: Value Set to default
	SIG_NAME: cell_voltage_7, STATUS: Invalid Max or Min value., ACTION: Value Set to default
	SIG_NAME: cell_voltage_8, STATUS: Invalid Max or Min value., ACTION: Value Set to default

MSG_ID: 1580 	MSG_TYPE: S 	MSG_NAME: Slave_07_Voltage_ID_3
	SIG_NAME: cell_voltage_9, STATUS: Invalid Max or Min value., ACTION: Value Set to default
	SIG_NAME: cell_voltage_10, STATUS: Invalid Max or Min value., ACTION: Value Set to default
	SIG_NAME: cell_voltage_11, STATUS: Invalid Max or Min value., ACTION: Value Set to default
	SIG_NAME: cell_voltage_12, STATUS: Invalid Max or Min value., ACTION: Value Set to default

MSG_ID: 1581 	MSG_TYPE: S 	MSG_NAME: Slave_07_Temperature_ID_1
	SIG_NAME: temperature_value_1, STATUS: Invalid Max or Min value., ACTION: Value Set to default
	SIG_NAME: temperature_value_2, STATUS: Invalid Max or Min value., ACTION: Value Set to default
	SIG_NAME: temperature_value_3, STATUS: Invalid Max or Min value., ACTION: Value Set to default
	SIG_NAME: temperature_value_4, STATUS: Invalid Max or Min value., ACTION: Value Set to default

MSG_ID: 1582 	MSG_TYPE: S 	MSG_NAME: Slave_07_Temperature_ID_2
	SIG_NAME: temperature_value_5, STATUS: Invalid Max or Min value., ACTION: Value Set to default
	SIG_NAME: temperature_value_6, STATUS: Invalid Max or Min value., ACTION: Value Set to default
	SIG_NAME: temperature_maximum, STATUS: Invalid Max or Min value., ACTION: Value Set to default
	SIG_NAME: temperature_delta, STATUS: Invalid Max or Min value., ACTION: Value Set to default

MSG_ID: 1583 	MSG_TYPE: S 	MSG_NAME: Slave_07_MSC_ID_1
	SIG_NAME: module_voltage_sum, STATUS: Invalid Max or Min value., ACTION: Value Set to default
	SIG_NAME: module_voltage_avg, STATUS: Invalid Max or Min value., ACTION: Value Set to default
	SIG_NAME: module_voltage_min, STATUS: Invalid Max or Min value., ACTION: Value Set to default
	SIG_NAME: module_voltage_max, STATUS: Invalid Max or Min value., ACTION: Value Set to default

MSG_ID: 1584 	MSG_TYPE: S 	MSG_NAME: Slave_07_MSC_ID_2
	SIG_NAME: module_voltage_delta, STATUS: Invalid Max or Min value., ACTION: Value Set to default
	SIG_NAME: module_ic_voltage, STATUS: Invalid Max or Min value., ACTION: Value Set to default
	SIG_NAME: module_ic_temperature, STATUS: Invalid Max or Min value., ACTION: Value Set to default

MSG_ID: 1585 	MSG_TYPE: S 	MSG_NAME: Slave_08_Voltage_ID_1
	SIG_NAME: cell_voltage_1, STATUS: Invalid Max or Min value., ACTION: Value Set to default
	SIG_NAME: cell_voltage_2, STATUS: Invalid Max or Min value., ACTION: Value Set to default
	SIG_NAME: cell_voltage_3, STATUS: Invalid Max or Min value., ACTION: Value Set to default
	SIG_NAME: cell_voltage_4, STATUS: Invalid Max or Min value., ACTION: Value Set to default

MSG_ID: 1586 	MSG_TYPE: S 	MSG_NAME: Slave_08_Voltage_ID_2
	SIG_NAME: cell_voltage_5, STATUS: Invalid Max or Min value., ACTION: Value Set to default
	SIG_NAME: cell_voltage_6, STATUS: Invalid Max or Min value., ACTION: Value Set to default
	SIG_NAME: cell_voltage_7, STATUS: Invalid Max or Min value., ACTION: Value Set to default
	SIG_NAME: cell_voltage_8, STATUS: Invalid Max or Min value., ACTION: Value Set to default

MSG_ID: 1587 	MSG_TYPE: S 	MSG_NAME: Slave_08_Voltage_ID_3
	SIG_NAME: cell_voltage_9, STATUS: Invalid Max or Min value., ACTION: Value Set to default
	SIG_NAME: cell_voltage_10, STATUS: Invalid Max or Min value., ACTION: Value Set to default
	SIG_NAME: cell_voltage_11, STATUS: Invalid Max or Min value., ACTION: Value Set to default
	SIG_NAME: cell_voltage_12, STATUS: Invalid Max or Min value., ACTION: Value Set to default

MSG_ID: 1588 	MSG_TYPE: S 	MSG_NAME: Slave_08_Temperature_ID_1
	SIG_NAME: temperature_value_1, STATUS: Invalid Max or Min value., ACTION: Value Set to default
	SIG_NAME: temperature_value_2, STATUS: Invalid Max or Min value., ACTION: Value Set to default
	SIG_NAME: temperature_value_3, STATUS: Invalid Max or Min value., ACTION: Value Set to default
	SIG_NAME: temperature_value_4, STATUS: Invalid Max or Min value., ACTION: Value Set to default

MSG_ID: 1589 	MSG_TYPE: S 	MSG_NAME: Slave_08_Temperature_ID_2
	SIG_NAME: temperature_value_5, STATUS: Invalid Max or Min value., ACTION: Value Set to default
	SIG_NAME: temperature_value_6, STATUS: Invalid Max or Min value., ACTION: Value Set to default
	SIG_NAME: temperature_maximum, STATUS: Invalid Max or Min value., ACTION: Value Set to default
	SIG_NAME: temperature_delta, STATUS: Invalid Max or Min value., ACTION: Value Set to default

MSG_ID: 1590 	MSG_TYPE: S 	MSG_NAME: Slave_08_MSC_ID_1
	SIG_NAME: module_voltage_sum, STATUS: Invalid Max or Min value., ACTION: Value Set to default
	SIG_NAME: module_voltage_avg, STATUS: Invalid Max or Min value., ACTION: Value Set to default
	SIG_NAME: module_voltage_min, STATUS: Invalid Max or Min value., ACTION: Value Set to default
	SIG_NAME: module_voltage_max, STATUS: Invalid Max or Min value., ACTION: Value Set to default

MSG_ID: 1591 	MSG_TYPE: S 	MSG_NAME: Slave_08_MSC_ID_2
	SIG_NAME: module_voltage_delta, STATUS: Invalid Max or Min value., ACTION: Value Set to default
	SIG_NAME: module_ic_voltage, STATUS: Invalid Max or Min value., ACTION: Value Set to default
	SIG_NAME: module_ic_temperature, STATUS: Invalid Max or Min value., ACTION: Value Set to default

MSG_ID: 1592 	MSG_TYPE: S 	MSG_NAME: Slave_09_Voltage_ID_1
	SIG_NAME: cell_voltage_1, STATUS: Invalid Max or Min value., ACTION: Value Set to default
	SIG_NAME: cell_voltage_2, STATUS: Invalid Max or Min value., ACTION: Value Set to default
	SIG_NAME: cell_voltage_3, STATUS: Invalid Max or Min value., ACTION: Value Set to default
	SIG_NAME: cell_voltage_4, STATUS: Invalid Max or Min value., ACTION: Value Set to default

MSG_ID: 1593 	MSG_TYPE: S 	MSG_NAME: Slave_09_Voltage_ID_2
	SIG_NAME: cell_voltage_5, STATUS: Invalid Max or Min value., ACTION: Value Set to default
	SIG_NAME: cell_voltage_6, STATUS: Invalid Max or Min value., ACTION: Value Set to default
	SIG_NAME: cell_voltage_7, STATUS: Invalid Max or Min value., ACTION: Value Set to default
	SIG_NAME: cell_voltage_8, STATUS: Invalid Max or Min value., ACTION: Value Set to default

MSG_ID: 1594 	MSG_TYPE: S 	MSG_NAME: Slave_09_Voltage_ID_3
	SIG_NAME: cell_voltage_9, STATUS: Invalid Max or Min value., ACTION: Value Set to default
	SIG_NAME: cell_voltage_10, STATUS: Invalid Max or Min value., ACTION: Value Set to default
	SIG_NAME: cell_voltage_11, STATUS: Invalid Max or Min value., ACTION: Value Set to default
	SIG_NAME: cell_voltage_12, STATUS: Invalid Max or Min value., ACTION: Value Set to default

MSG_ID: 1595 	MSG_TYPE: S 	MSG_NAME: Slave_09_Temperature_ID_1
	SIG_NAME: temperature_value_1, STATUS: Invalid Max or Min value., ACTION: Value Set to default
	SIG_NAME: temperature_value_2, STATUS: Invalid Max or Min value., ACTION: Value Set to default
	SIG_NAME: temperature_value_3, STATUS: Invalid Max or Min value., ACTION: Value Set to default
	SIG_NAME: temperature_value_4, STATUS: Invalid Max or Min value., ACTION: Value Set to default

MSG_ID: 1596 	MSG_TYPE: S 	MSG_NAME: Slave_09_Temperature_ID_2
	SIG_NAME: temperature_value_5, STATUS: Invalid Max or Min value., ACTION: Value Set to default
	SIG_NAME: temperature_value_6, STATUS: Invalid Max or Min value., ACTION: Value Set to default
	SIG_NAME: temperature_maximum, STATUS: Invalid Max or Min value., ACTION: Value Set to default
	SIG_NAME: temperature_delta, STATUS: Invalid Max or Min value., ACTION: Value Set to default

MSG_ID: 1597 	MSG_TYPE: S 	MSG_NAME: Slave_09_MSC_ID_1
	SIG_NAME: module_voltage_sum, STATUS: Invalid Max or Min value., ACTION: Value Set to default
	SIG_NAME: module_voltage_avg, STATUS: Invalid Max or Min value., ACTION: Value Set to default
	SIG_NAME: module_voltage_min, STATUS: Invalid Max or Min value., ACTION: Value Set to default
	SIG_NAME: module_voltage_max, STATUS: Invalid Max or Min value., ACTION: Value Set to default

MSG_ID: 1598 	MSG_TYPE: S 	MSG_NAME: Slave_09_MSC_ID_2
	SIG_NAME: module_voltage_delta, STATUS: Invalid Max or Min value., ACTION: Value Set to default
	SIG_NAME: module_ic_voltage, STATUS: Invalid Max or Min value., ACTION: Value Set to default
	SIG_NAME: module_ic_temperature, STATUS: Invalid Max or Min value., ACTION: Value Set to default

MSG_ID: 1599 	MSG_TYPE: S 	MSG_NAME: Slave_10_Voltage_ID_1
	SIG_NAME: cell_voltage_1, STATUS: Invalid Max or Min value., ACTION: Value Set to default
	SIG_NAME: cell_voltage_2, STATUS: Invalid Max or Min value., ACTION: Value Set to default
	SIG_NAME: cell_voltage_3, STATUS: Invalid Max or Min value., ACTION: Value Set to default
	SIG_NAME: cell_voltage_4, STATUS: Invalid Max or Min value., ACTION: Value Set to default

MSG_ID: 1600 	MSG_TYPE: S 	MSG_NAME: Slave_10_Voltage_ID_2
	SIG_NAME: cell_voltage_5, STATUS: Invalid Max or Min value., ACTION: Value Set to default
	SIG_NAME: cell_voltage_6, STATUS: Invalid Max or Min value., ACTION: Value Set to default
	SIG_NAME: cell_voltage_7, STATUS: Invalid Max or Min value., ACTION: Value Set to default
	SIG_NAME: cell_voltage_8, STATUS: Invalid Max or Min value., ACTION: Value Set to default

MSG_ID: 1601 	MSG_TYPE: S 	MSG_NAME: Slave_10_Voltage_ID_3
	SIG_NAME: cell_voltage_9, STATUS: Invalid Max or Min value., ACTION: Value Set to default
	SIG_NAME: cell_voltage_10, STATUS: Invalid Max or Min value., ACTION: Value Set to default
	SIG_NAME: cell_voltage_11, STATUS: Invalid Max or Min value., ACTION: Value Set to default
	SIG_NAME: cell_voltage_12, STATUS: Invalid Max or Min value., ACTION: Value Set to default

MSG_ID: 1602 	MSG_TYPE: S 	MSG_NAME: Slave_10_Temperature_ID_1
	SIG_NAME: temperature_value_1, STATUS: Invalid Max or Min value., ACTION: Value Set to default
	SIG_NAME: temperature_value_2, STATUS: Invalid Max or Min value., ACTION: Value Set to default
	SIG_NAME: temperature_value_3, STATUS: Invalid Max or Min value., ACTION: Value Set to default
	SIG_NAME: temperature_value_4, STATUS: Invalid Max or Min value., ACTION: Value Set to default

MSG_ID: 1603 	MSG_TYPE: S 	MSG_NAME: Slave_10_Temperature_ID_2
	SIG_NAME: temperature_value_5, STATUS: Invalid Max or Min value., ACTION: Value Set to default
	SIG_NAME: temperature_value_6, STATUS: Invalid Max or Min value., ACTION: Value Set to default
	SIG_NAME: temperature_maximum, STATUS: Invalid Max or Min value., ACTION: Value Set to default
	SIG_NAME: temperature_delta, STATUS: Invalid Max or Min value., ACTION: Value Set to default

MSG_ID: 1605 	MSG_TYPE: S 	MSG_NAME: Slave_10_MSC_ID_2
	SIG_NAME: module_voltage_delta, STATUS: Invalid Max or Min value., ACTION: Value Set to default
	SIG_NAME: module_ic_voltage, STATUS: Invalid Max or Min value., ACTION: Value Set to default
	SIG_NAME: module_ic_temperature, STATUS: Invalid Max or Min value., ACTION: Value Set to default

MSG_ID: 1606 	MSG_TYPE: S 	MSG_NAME: Slave_11_Voltage_ID_1
	SIG_NAME: cell_voltage_1, STATUS: Invalid Max or Min value., ACTION: Value Set to default
	SIG_NAME: cell_voltage_2, STATUS: Invalid Max or Min value., ACTION: Value Set to default
	SIG_NAME: cell_voltage_3, STATUS: Invalid Max or Min value., ACTION: Value Set to default
	SIG_NAME: cell_voltage_4, STATUS: Invalid Max or Min value., ACTION: Value Set to default

MSG_ID: 1607 	MSG_TYPE: S 	MSG_NAME: Slave_11_Voltage_ID_2
	SIG_NAME: cell_voltage_5, STATUS: Invalid Max or Min value., ACTION: Value Set to default
	SIG_NAME: cell_voltage_6, STATUS: Invalid Max or Min value., ACTION: Value Set to default
	SIG_NAME: cell_voltage_7, STATUS: Invalid Max or Min value., ACTION: Value Set to default
	SIG_NAME: cell_voltage_8, STATUS: Invalid Max or Min value., ACTION: Value Set to default

MSG_ID: 1608 	MSG_TYPE: S 	MSG_NAME: Slave_11_Voltage_ID_3
	SIG_NAME: cell_voltage_9, STATUS: Invalid Max or Min value., ACTION: Value Set to default
	SIG_NAME: cell_voltage_10, STATUS: Invalid Max or Min value., ACTION: Value Set to default
	SIG_NAME: cell_voltage_11, STATUS: Invalid Max or Min value., ACTION: Value Set to default
	SIG_NAME: cell_voltage_12, STATUS: Invalid Max or Min value., ACTION: Value Set to default

MSG_ID: 1609 	MSG_TYPE: S 	MSG_NAME: Slave_11_Temperature_ID_1
	SIG_NAME: temperature_value_1, STATUS: Invalid Max or Min value., ACTION: Value Set to default
	SIG_NAME: temperature_value_2, STATUS: Invalid Max or Min value., ACTION: Value Set to default
	SIG_NAME: temperature_value_3, STATUS: Invalid Max or Min value., ACTION: Value Set to default
	SIG_NAME: temperature_value_4, STATUS: Invalid Max or Min value., ACTION: Value Set to default

MSG_ID: 1610 	MSG_TYPE: S 	MSG_NAME: Slave_11_Temperature_ID_2
	SIG_NAME: temperature_value_5, STATUS: Invalid Max or Min value., ACTION: Value Set to default
	SIG_NAME: temperature_value_6, STATUS: Invalid Max or Min value., ACTION: Value Set to default
	SIG_NAME: temperature_maximum, STATUS: Invalid Max or Min value., ACTION: Value Set to default
	SIG_NAME: temperature_delta, STATUS: Invalid Max or Min value., ACTION: Value Set to default

MSG_ID: 1611 	MSG_TYPE: S 	MSG_NAME: Slave_11_MSC_ID_1
	SIG_NAME: module_voltage_sum, STATUS: Invalid Max or Min value., ACTION: Value Set to default
	SIG_NAME: module_voltage_avg, STATUS: Invalid Max or Min value., ACTION: Value Set to default
	SIG_NAME: module_voltage_min, STATUS: Invalid Max or Min value., ACTION: Value Set to default
	SIG_NAME: module_voltage_max, STATUS: Invalid Max or Min value., ACTION: Value Set to default

MSG_ID: 1612 	MSG_TYPE: S 	MSG_NAME: Slave_11_MSC_ID_2
	SIG_NAME: module_voltage_delta, STATUS: Invalid Max or Min value., ACTION: Value Set to default
	SIG_NAME: module_ic_voltage, STATUS: Invalid Max or Min value., ACTION: Value Set to default
	SIG_NAME: module_ic_temperature, STATUS: Invalid Max or Min value., ACTION: Value Set to default

MSG_ID: 1613 	MSG_TYPE: S 	MSG_NAME: Slave_12_Voltage_ID_1
	SIG_NAME: cell_voltage_1, STATUS: Invalid Max or Min value., ACTION: Value Set to default
	SIG_NAME: cell_voltage_2, STATUS: Invalid Max or Min value., ACTION: Value Set to default
	SIG_NAME: cell_voltage_3, STATUS: Invalid Max or Min value., ACTION: Value Set to default
	SIG_NAME: cell_voltage_4, STATUS: Invalid Max or Min value., ACTION: Value Set to default

MSG_ID: 1614 	MSG_TYPE: S 	MSG_NAME: Slave_12_Voltage_ID_2
	SIG_NAME: cell_voltage_5, STATUS: Invalid Max or Min value., ACTION: Value Set to default
	SIG_NAME: cell_voltage_6, STATUS: Invalid Max or Min value., ACTION: Value Set to default
	SIG_NAME: cell_voltage_7, STATUS: Invalid Max or Min value., ACTION: Value Set to default
	SIG_NAME: cell_voltage_8, STATUS: Invalid Max or Min value., ACTION: Value Set to default

MSG_ID: 1615 	MSG_TYPE: S 	MSG_NAME: Slave_12_Voltage_ID_3
	SIG_NAME: cell_voltage_9, STATUS: Invalid Max or Min value., ACTION: Value Set to default
	SIG_NAME: cell_voltage_10, STATUS: Invalid Max or Min value., ACTION: Value Set to default
	SIG_NAME: cell_voltage_11, STATUS: Invalid Max or Min value., ACTION: Value Set to default
	SIG_NAME: cell_voltage_12, STATUS: Invalid Max or Min value., ACTION: Value Set to default

MSG_ID: 1616 	MSG_TYPE: S 	MSG_NAME: Slave_12_Temperature_ID_1
	SIG_NAME: temperature_value_1, STATUS: Invalid Max or Min value., ACTION: Value Set to default
	SIG_NAME: temperature_value_2, STATUS: Invalid Max or Min value., ACTION: Value Set to default
	SIG_NAME: temperature_value_3, STATUS: Invalid Max or Min value., ACTION: Value Set to default
	SIG_NAME: temperature_value_4, STATUS: Invalid Max or Min value., ACTION: Value Set to default

MSG_ID: 1617 	MSG_TYPE: S 	MSG_NAME: Slave_12_Temperature_ID_2
	SIG_NAME: temperature_value_5, STATUS: Invalid Max or Min value., ACTION: Value Set to default
	SIG_NAME: temperature_value_6, STATUS: Invalid Max or Min value., ACTION: Value Set to default
	SIG_NAME: temperature_maximum, STATUS: Invalid Max or Min value., ACTION: Value Set to default
	SIG_NAME: temperature_delta, STATUS: Invalid Max or Min value., ACTION: Value Set to default

MSG_ID: 1618 	MSG_TYPE: S 	MSG_NAME: Slave_12_MSC_ID_1
	SIG_NAME: module_voltage_sum, STATUS: Invalid Max or Min value., ACTION: Value Set to default
	SIG_NAME: module_voltage_avg, STATUS: Invalid Max or Min value., ACTION: Value Set to default
	SIG_NAME: module_voltage_min, STATUS: Invalid Max or Min value., ACTION: Value Set to default
	SIG_NAME: module_voltage_max, STATUS: Invalid Max or Min value., ACTION: Value Set to default

MSG_ID: 1619 	MSG_TYPE: S 	MSG_NAME: Slave_12_MSC_ID_2
	SIG_NAME: module_voltage_delta, STATUS: Invalid Max or Min value., ACTION: Value Set to default
	SIG_NAME: module_ic_voltage, STATUS: Invalid Max or Min value., ACTION: Value Set to default
	SIG_NAME: module_ic_temperature, STATUS: Invalid Max or Min value., ACTION: Value Set to default

MSG_ID: 1793 	MSG_TYPE: S 	MSG_NAME: Master_MSC_ID_1
	SIG_NAME: mcu_vref, STATUS: Invalid Max or Min value., ACTION: Value Set to default
	SIG_NAME: mcu_temperature, STATUS: Invalid Max or Min value., ACTION: Value Set to default
	SIG_NAME: ams_current_draw, STATUS: Invalid Max or Min value., ACTION: Value Set to default
	SIG_NAME: master_firmware_version, STATUS: Invalid Max or Min value., ACTION: Value Set to default
	SIG_NAME: master_state, STATUS: Invalid Max or Min value., ACTION: Value Set to default
	SIG_NAME: fault_counter, STATUS: Invalid Max or Min value., ACTION: Value Set to default

MSG_ID: 1794 	MSG_TYPE: S 	MSG_NAME: Master_PreCharge_ID_1
	SIG_NAME: precharge_ctc_air_pos_state, STATUS: Invalid Max or Min value., ACTION: Value Set to default
	SIG_NAME: precharge_ctc_air_min_state, STATUS: Invalid Max or Min value., ACTION: Value Set to default
	SIG_NAME: precharge_ctc_charge_state, STATUS: Invalid Max or Min value., ACTION: Value Set to default
	SIG_NAME: precharge_ctc_discharge_state, STATUS: Invalid Max or Min value., ACTION: Value Set to default
	SIG_NAME: precharge_state, STATUS: Invalid Max or Min value., ACTION: Value Set to default

MSG_ID: 1320 	MSG_TYPE: S 	MSG_NAME: IVT_Msg_Result_Wh
	SIG_NAME: IVT_Result_Wh_System_Error, STATUS: Invalid Max or Min value., ACTION: Value Set to default
	SIG_NAME: IVT_Result_Wh_OCS, STATUS: Invalid Max or Min value., ACTION: Value Set to default
	SIG_NAME: IVT_Result_Wh_Measurement_Error, STATUS: Invalid Max or Min value., ACTION: Value Set to default
	SIG_NAME: IVT_Result_Wh_Channel_Error, STATUS: Invalid Max or Min value., ACTION: Value Set to default
	SIG_NAME: IVT_MsgCount_Result_Wh, STATUS: Invalid Max or Min value., ACTION: Value Set to default
	SIG_NAME: IVT_ID_Result_Wh, STATUS: Invalid Max or Min value., ACTION: Value Set to default

MSG_ID: 1319 	MSG_TYPE: S 	MSG_NAME: IVT_Msg_Result_As
	SIG_NAME: IVT_Result_As_System_Error, STATUS: Invalid Max or Min value., ACTION: Value Set to default
	SIG_NAME: IVT_Result_As_OCS, STATUS: Invalid Max or Min value., ACTION: Value Set to default
	SIG_NAME: IVT_Result_As_Measurement_Error, STATUS: Invalid Max or Min value., ACTION: Value Set to default
	SIG_NAME: IVT_Result_As_Channel_Error, STATUS: Invalid Max or Min value., ACTION: Value Set to default
	SIG_NAME: IVT_MsgCount_Result_As, STATUS: Invalid Max or Min value., ACTION: Value Set to default
	SIG_NAME: IVT_ID_Result_As, STATUS: Invalid Max or Min value., ACTION: Value Set to default

MSG_ID: 1318 	MSG_TYPE: S 	MSG_NAME: IVT_Msg_Result_W
	SIG_NAME: IVT_Result_W_System_Error, STATUS: Invalid Max or Min value., ACTION: Value Set to default
	SIG_NAME: IVT_Result_W_OCS, STATUS: Invalid Max or Min value., ACTION: Value Set to default
	SIG_NAME: IVT_Result_W_Measurement_Error, STATUS: Invalid Max or Min value., ACTION: Value Set to default
	SIG_NAME: IVT_Result_W_Channel_Error, STATUS: Invalid Max or Min value., ACTION: Value Set to default
	SIG_NAME: IVT_MsgCount_Result_W, STATUS: Invalid Max or Min value., ACTION: Value Set to default
	SIG_NAME: IVT_ID_Result_W, STATUS: Invalid Max or Min value., ACTION: Value Set to default

MSG_ID: 1297 	MSG_TYPE: S 	MSG_NAME: IVT_Msg_Response
	SIG_NAME: _B1_Trigger_spare, STATUS: Invalid Max or Min value., ACTION: Value Set to default
	SIG_NAME: _B1_07_Trigger_WH, STATUS: Invalid Max or Min value., ACTION: Value Set to default
	SIG_NAME: _B1_06_Trigger_As, STATUS: Invalid Max or Min value., ACTION: Value Set to default
	SIG_NAME: _B1_05_Trigger_W, STATUS: Invalid Max or Min value., ACTION: Value Set to default
	SIG_NAME: _B1_04_Trigger_T, STATUS: Invalid Max or Min value., ACTION: Value Set to default
	SIG_NAME: _B1_03_Trigger_U3, STATUS: Invalid Max or Min value., ACTION: Value Set to default
	SIG_NAME: _B1_02_Trigger_U2, STATUS: Invalid Max or Min value., ACTION: Value Set to default
	SIG_NAME: _B1_01_Trigger_U1, STATUS: Invalid Max or Min value., ACTION: Value Set to default
	SIG_NAME: _B1_00_Trigger_I, STATUS: Invalid Max or Min value., ACTION: Value Set to default
	SIG_NAME: _B2_Resp_Store_Device_SN, STATUS: Invalid Max or Min value., ACTION: Value Set to default
	SIG_NAME: _FF_Wrong_Command, STATUS: Invalid Max or Min value., ACTION: Value Set to default
	SIG_NAME: _BF_Restart_Alive_SN, STATUS: Invalid Max or Min value., ACTION: Value Set to default
	SIG_NAME: _BF_Restart_Alive_Cmd_ID, STATUS: Invalid Max or Min value., ACTION: Value Set to default
	SIG_NAME: _BA_Resp_SW_Ver_Vear, STATUS: Invalid Max or Min value., ACTION: Value Set to default
	SIG_NAME: _BA_Resp_SW_Ver_Revision, STATUS: Invalid Max or Min value., ACTION: Value Set to default
	SIG_NAME: _BA_Resp_SW_Ver_Month, STATUS: Invalid Max or Min value., ACTION: Value Set to default
	SIG_NAME: _BA_Resp_SW_Ver_Minor, STATUS: Invalid Max or Min value., ACTION: Value Set to default
	SIG_NAME: _BA_Resp_SW_Ver_Internal, STATUS: Invalid Max or Min value., ACTION: Value Set to default
	SIG_NAME: _BA_Resp_SW_Ver_Day, STATUS: Invalid Max or Min value., ACTION: Value Set to default
	SIG_NAME: _B9_Resp_Device_Com, STATUS: Invalid Max or Min value., ACTION: Value Set to default
	SIG_NAME: _B9_Resp_Device_current, STATUS: Invalid Max or Min value., ACTION: Value Set to default
	SIG_NAME: _B9_Resp_Device_TOI, STATUS: Invalid Max or Min value., ACTION: Value Set to default
	SIG_NAME: _B9_Resp_Device_V_supply, STATUS: Invalid Max or Min value., ACTION: Value Set to default
	SIG_NAME: _B9_Resp_Device_Voltage_chan, STATUS: Invalid Max or Min value., ACTION: Value Set to default
	SIG_NAME: _80_Resp_MeasError_Item, STATUS: Invalid Max or Min value., ACTION: Value Set to default
	SIG_NAME: _80_Resp_MeasError_Count_Mask, STATUS: Invalid Max or Min value., ACTION: Value Set to default
	SIG_NAME: _81_Resp_SystemError_Item, STATUS: Invalid Max or Min value., ACTION: Value Set to default
	SIG_NAME: _81_Resp_SystemError_Count_Mask, STATUS: Invalid Max or Min value., ACTION: Value Set to default
	SIG_NAME: _82_Resp_AllLogData_Item, STATUS: Invalid Max or Min value., ACTION: Value Set to default
	SIG_NAME: _83_Resp_LogData_Item, STATUS: Invalid Max or Min value., ACTION: Value Set to default
	SIG_NAME: _90_Resp_Can_ID_SN_I, STATUS: Invalid Max or Min value., ACTION: Value Set to default
	SIG_NAME: _90_Resp_Can_ID_val_I, STATUS: Invalid Max or Min value., ACTION: Value Set to default
	SIG_NAME: _91_Resp_Can_ID_SN_U1, STATUS: Invalid Max or Min value., ACTION: Value Set to default
	SIG_NAME: _91_Resp_Can_ID_val_U1, STATUS: Invalid Max or Min value., ACTION: Value Set to default
	SIG_NAME: _92_Resp_Can_ID_SN_U2, STATUS: Invalid Max or Min value., ACTION: Value Set to default
	SIG_NAME: _92_Resp_Can_ID_val_U2, STATUS: Invalid Max or Min value., ACTION: Value Set to default
	SIG_NAME: _93_Resp_Can_ID_SN_U3, STATUS: Invalid Max or Min value., ACTION: Value Set to default
	SIG_NAME: _93_Resp_Can_ID_val_U3, STATUS: Invalid Max or Min value., ACTION: Value Set to default
	SIG_NAME: _94_Resp_Can_ID_SN_T, STATUS: Invalid Max or Min value., ACTION: Value Set to default
	SIG_NAME: _94_Resp_Can_ID_val_T, STATUS: Invalid Max or Min value., ACTION: Value Set to default
	SIG_NAME: _95_Resp_Can_ID_SN_W, STATUS: Invalid Max or Min value., ACTION: Value Set to default
	SIG_NAME: _95_Resp_Can_ID_val_W, STATUS: Invalid Max or Min value., ACTION: Value Set to default
	SIG_NAME: _96_Resp_Can_ID_SN_As, STATUS: Invalid Max or Min value., ACTION: Value Set to default
	SIG_NAME: _96_Resp_Can_ID_val_As, STATUS: Invalid Max or Min value., ACTION: Value Set to default
	SIG_NAME: _97_Resp_Can_ID_SN_Wh, STATUS: Invalid Max or Min value., ACTION: Value Set to default
	SIG_NAME: _97_Resp_Can_ID_val_Wh, STATUS: Invalid Max or Min value., ACTION: Value Set to default
	SIG_NAME: _9D_Resp_Can_ID_SN_Command, STATUS: Invalid Max or Min value., ACTION: Value Set to default
	SIG_NAME: _9D_Resp_Can_ID_val_Command, STATUS: Invalid Max or Min value., ACTION: Value Set to default
	SIG_NAME: _9F_Resp_Can_ID_SN_Response, STATUS: Invalid Max or Min value., ACTION: Value Set to default
	SIG_NAME: _9F_Resp_Can_ID_val_Response, STATUS: Invalid Max or Min value., ACTION: Value Set to default
	SIG_NAME: _A0_Resp_CycleTime_I, STATUS: Invalid Max or Min value., ACTION: Value Set to default
	SIG_NAME: _A0_Resp_Endianess_I, STATUS: Invalid Max or Min value., ACTION: Value Set to default
	SIG_NAME: _A0_Resp_Sign_I, STATUS: Invalid Max or Min value., ACTION: Value Set to default
	SIG_NAME: _A1_Resp_CycleTime_U1, STATUS: Invalid Max or Min value., ACTION: Value Set to default
	SIG_NAME: _A1_Resp_Endianess_U1, STATUS: Invalid Max or Min value., ACTION: Value Set to default
	SIG_NAME: _A1_Resp_Sign_U1, STATUS: Invalid Max or Min value., ACTION: Value Set to default
	SIG_NAME: _A2_Resp_CycleTime_U2, STATUS: Invalid Max or Min value., ACTION: Value Set to default
	SIG_NAME: _A2_Resp_Endianess_U2, STATUS: Invalid Max or Min value., ACTION: Value Set to default
	SIG_NAME: _A2_Resp_Sign_U2, STATUS: Invalid Max or Min value., ACTION: Value Set to default
	SIG_NAME: _A3_Resp_CycleTime_U3, STATUS: Invalid Max or Min value., ACTION: Value Set to default
	SIG_NAME: _A3_Resp_Endianess_U3, STATUS: Invalid Max or Min value., ACTION: Value Set to default
	SIG_NAME: _A3_Resp_Sign_U3, STATUS: Invalid Max or Min value., ACTION: Value Set to default
	SIG_NAME: _A4_Resp_CycleTime_T, STATUS: Invalid Max or Min value., ACTION: Value Set to default
	SIG_NAME: _A4_Resp_Endianess_T, STATUS: Invalid Max or Min value., ACTION: Value Set to default
	SIG_NAME: _A4_Resp_Sign_T, STATUS: Invalid Max or Min value., ACTION: Value Set to default
	SIG_NAME: _A5_Resp_CycleTime_W, STATUS: Invalid Max or Min value., ACTION: Value Set to default
	SIG_NAME: _A5_Resp_Endianess_W, STATUS: Invalid Max or Min value., ACTION: Value Set to default
	SIG_NAME: _A5_Resp_Sign_W, STATUS: Invalid Max or Min value., ACTION: Value Set to default
	SIG_NAME: _A6_Resp_CycleTime_As, STATUS: Invalid Max or Min value., ACTION: Value Set to default
	SIG_NAME: _A6_Resp_Endianess_As, STATUS: Invalid Max or Min value., ACTION: Value Set to default
	SIG_NAME: _A6_Resp_Sign_As, STATUS: Invalid Max or Min value., ACTION: Value Set to default
	SIG_NAME: _A7_Resp_CycleTime_WH, STATUS: Invalid Max or Min value., ACTION: Value Set to default
	SIG_NAME: _A7_Resp_Endianess_WH, STATUS: Invalid Max or Min value., ACTION: Value Set to default
	SIG_NAME: _A7_Resp_Sign_WH, STATUS: Invalid Max or Min value., ACTION: Value Set to default
	SIG_NAME: _B0_Resp_Reset_Item, STATUS: Invalid Max or Min value., ACTION: Value Set to default
	SIG_NAME: _B0_Resp_Reset_Device_SN, STATUS: Invalid Max or Min value., ACTION: Value Set to default
	SIG_NAME: _B2_Resp_Store_dummy, STATUS: Invalid Max or Min value., ACTION: Value Set to default
	SIG_NAME: _B4_Resp_Actual_Mode, STATUS: Invalid Max or Min value., ACTION: Value Set to default
	SIG_NAME: _B4_Resp_Code_Level, STATUS: Invalid Max or Min value., ACTION: Value Set to default
	SIG_NAME: _B4_Resp_Startup_Mode, STATUS: Invalid Max or Min value., ACTION: Value Set to default
	SIG_NAME: _B5_Resp_OC_Pos_Reset_Threshold, STATUS: Invalid Max or Min value., ACTION: Value Set to default
	SIG_NAME: _B5_Resp_OC_Pos_Set_Threshold, STATUS: Invalid Max or Min value., ACTION: Value Set to default
	SIG_NAME: _B6_Resp_OC_Neg_Reset_Threshold, STATUS: Invalid Max or Min value., ACTION: Value Set to default
	SIG_NAME: _B6_Resp_OC_Neg_Set_Threshold, STATUS: Invalid Max or Min value., ACTION: Value Set to default
	SIG_NAME: _B9_Resp_Device_type, STATUS: Invalid Max or Min value., ACTION: Value Set to default
	SIG_NAME: _BA_Resp_SW_Ver_Major_HW, STATUS: Invalid Max or Min value., ACTION: Value Set to default
	SIG_NAME: _BB_Resp_Serien_Nr, STATUS: Invalid Max or Min value., ACTION: Value Set to default
	SIG_NAME: _BC_Resp_Art_N, STATUS: Invalid Max or Min value., ACTION: Value Set to default
	SIG_NAME: IVT_ID_Response, STATUS: Invalid Max or Min value., ACTION: Value Set to default

MSG_ID: 1317 	MSG_TYPE: S 	MSG_NAME: IVT_Msg_Result_T
	SIG_NAME: IVT_Result_T_System_Error, STATUS: Invalid Max or Min value., ACTION: Value Set to default
	SIG_NAME: IVT_Result_T_OCS, STATUS: Invalid Max or Min value., ACTION: Value Set to default
	SIG_NAME: IVT_Result_T_Measurement_Error, STATUS: Invalid Max or Min value., ACTION: Value Set to default
	SIG_NAME: IVT_Result_T_Channel_Error, STATUS: Invalid Max or Min value., ACTION: Value Set to default
	SIG_NAME: IVT_ID_Result_T, STATUS: Invalid Max or Min value., ACTION: Value Set to default
	SIG_NAME: IVT_MsgCount_Result_T, STATUS: Invalid Max or Min value., ACTION: Value Set to default

MSG_ID: 1316 	MSG_TYPE: S 	MSG_NAME: IVT_Msg_Result_U3
	SIG_NAME: IVT_Result_U3_System_Error, STATUS: Invalid Max or Min value., ACTION: Value Set to default
	SIG_NAME: IVT_Result_U3_OCS, STATUS: Invalid Max or Min value., ACTION: Value Set to default
	SIG_NAME: IVT_Result_U3_Measurement_Error, STATUS: Invalid Max or Min value., ACTION: Value Set to default
	SIG_NAME: IVT_Result_U3_Channel_Error, STATUS: Invalid Max or Min value., ACTION: Value Set to default
	SIG_NAME: IVT_ID_Result_U3, STATUS: Invalid Max or Min value., ACTION: Value Set to default
	SIG_NAME: IVT_MsgCount_Result_U3, STATUS: Invalid Max or Min value., ACTION: Value Set to default

MSG_ID: 1315 	MSG_TYPE: S 	MSG_NAME: IVT_Msg_Result_U2
	SIG_NAME: IVT_Result_U2_System_Error, STATUS: Invalid Max or Min value., ACTION: Value Set to default
	SIG_NAME: IVT_Result_U2_OCS, STATUS: Invalid Max or Min value., ACTION: Value Set to default
	SIG_NAME: IVT_Result_U2_Measurement_Error, STATUS: Invalid Max or Min value., ACTION: Value Set to default
	SIG_NAME: IVT_Result_U2_Channel_Error, STATUS: Invalid Max or Min value., ACTION: Value Set to default
	SIG_NAME: IVT_ID_Result_U2, STATUS: Invalid Max or Min value., ACTION: Value Set to default
	SIG_NAME: IVT_MsgCount_Result_U2, STATUS: Invalid Max or Min value., ACTION: Value Set to default

MSG_ID: 1314 	MSG_TYPE: S 	MSG_NAME: IVT_Msg_Result_U1
	SIG_NAME: IVT_Result_U1_System_Error, STATUS: Invalid Max or Min value., ACTION: Value Set to default
	SIG_NAME: IVT_Result_U1_Measurement_Error, STATUS: Invalid Max or Min value., ACTION: Value Set to default
	SIG_NAME: IVT_Result_U1_Channel_Error, STATUS: Invalid Max or Min value., ACTION: Value Set to default
	SIG_NAME: IVT_Result_U1_OCS, STATUS: Invalid Max or Min value., ACTION: Value Set to default
	SIG_NAME: IVT_ID_Result_U1, STATUS: Invalid Max or Min value., ACTION: Value Set to default
	SIG_NAME: IVT_MsgCount_Result_U1, STATUS: Invalid Max or Min value., ACTION: Value Set to default

MSG_ID: 1313 	MSG_TYPE: S 	MSG_NAME: IVT_Msg_Result_I
	SIG_NAME: IVT_Result_I_System_Error, STATUS: Invalid Max or Min value., ACTION: Value Set to default
	SIG_NAME: IVT_Result_I_OCS, STATUS: Invalid Max or Min value., ACTION: Value Set to default
	SIG_NAME: IVT_Result_I_Measurement_Error, STATUS: Invalid Max or Min value., ACTION: Value Set to default
	SIG_NAME: IVT_Result_I_Channel_Error, STATUS: Invalid Max or Min value., ACTION: Value Set to default
	SIG_NAME: IVT_ID_Result_I, STATUS: Invalid Max or Min value., ACTION: Value Set to default
	SIG_NAME: IVT_MsgCount_Result_I, STATUS: Invalid Max or Min value., ACTION: Value Set to default

MSG_ID: 1041 	MSG_TYPE: S 	MSG_NAME: IVT_Msg_Cmd
	SIG_NAME: _31_01_Trigger_U1, STATUS: Invalid Max or Min value., ACTION: Value Set to default
	SIG_NAME: _31_07_Trigger_WH, STATUS: Invalid Max or Min value., ACTION: Value Set to default
	SIG_NAME: _31_06_Trigger_As, STATUS: Invalid Max or Min value., ACTION: Value Set to default
	SIG_NAME: _31_05_Trigger_W, STATUS: Invalid Max or Min value., ACTION: Value Set to default
	SIG_NAME: _31_04_Trigger_T, STATUS: Invalid Max or Min value., ACTION: Value Set to default
	SIG_NAME: _31_03_Trigger_U3, STATUS: Invalid Max or Min value., ACTION: Value Set to default
	SIG_NAME: _31_Trigger_spare, STATUS: Invalid Max or Min value., ACTION: Value Set to default
	SIG_NAME: _31_02_Trigger_U2, STATUS: Invalid Max or Min value., ACTION: Value Set to default
	SIG_NAME: _10_Set_Can_ID_SN_I, STATUS: Invalid Max or Min value., ACTION: Value Set to default
	SIG_NAME: _11_Set_Can_ID_SN_U1, STATUS: Invalid Max or Min value., ACTION: Value Set to default
	SIG_NAME: _12_Set_Can_ID_SN_U2, STATUS: Invalid Max or Min value., ACTION: Value Set to default
	SIG_NAME: _13_Set_Can_ID_SN_U3, STATUS: Invalid Max or Min value., ACTION: Value Set to default
	SIG_NAME: _14_Set_Can_ID_SN_T, STATUS: Invalid Max or Min value., ACTION: Value Set to default
	SIG_NAME: _15_Set_Can_ID_SN_W, STATUS: Invalid Max or Min value., ACTION: Value Set to default
	SIG_NAME: _16_Set_Can_ID_SN_As, STATUS: Invalid Max or Min value., ACTION: Value Set to default
	SIG_NAME: _17_Set_Can_ID_SN_Wh, STATUS: Invalid Max or Min value., ACTION: Value Set to default
	SIG_NAME: _1D_Set_Can_ID_SN_Command, STATUS: Invalid Max or Min value., ACTION: Value Set to default
	SIG_NAME: _1F_Set_Can_ID_SN_Response, STATUS: Invalid Max or Min value., ACTION: Value Set to default
	SIG_NAME: _20_Conf_CycleTime_I, STATUS: Invalid Max or Min value., ACTION: Value Set to default
	SIG_NAME: _20_Conf_Endianess_I, STATUS: Invalid Max or Min value., ACTION: Value Set to default
	SIG_NAME: _20_Conf_Sign_I, STATUS: Invalid Max or Min value., ACTION: Value Set to default
	SIG_NAME: _21_Conf_CycleTime_U1, STATUS: Invalid Max or Min value., ACTION: Value Set to default
	SIG_NAME: _21_Conf_Endianess_U1, STATUS: Invalid Max or Min value., ACTION: Value Set to default
	SIG_NAME: _21_Conf_Sign_U1, STATUS: Invalid Max or Min value., ACTION: Value Set to default
	SIG_NAME: _22_Conf_CycleTime_U2, STATUS: Invalid Max or Min value., ACTION: Value Set to default
	SIG_NAME: _22_Conf_Endianess_U2, STATUS: Invalid Max or Min value., ACTION: Value Set to default
	SIG_NAME: _22_Conf_Sign_U2, STATUS: Invalid Max or Min value., ACTION: Value Set to default
	SIG_NAME: _23_Conf_CycleTime_U3, STATUS: Invalid Max or Min value., ACTION: Value Set to default
	SIG_NAME: _23_Conf_Endianess_U3, STATUS: Invalid Max or Min value., ACTION: Value Set to default
	SIG_NAME: _23_Conf_Sign_U3, STATUS: Invalid Max or Min value., ACTION: Value Set to default
	SIG_NAME: _24_Conf_CycleTime_T, STATUS: Invalid Max or Min value., ACTION: Value Set to default
	SIG_NAME: _24_Conf_Endianess_T, STATUS: Invalid Max or Min value., ACTION: Value Set to default
	SIG_NAME: _24_Conf_Sign_T, STATUS: Invalid Max or Min value., ACTION: Value Set to default
	SIG_NAME: _25_Conf_CycleTime_W, STATUS: Invalid Max or Min value., ACTION: Value Set to default
	SIG_NAME: _25_Conf_Endianess_W, STATUS: Invalid Max or Min value., ACTION: Value Set to default
	SIG_NAME: _25_Conf_Sign_W, STATUS: Invalid Max or Min value., ACTION: Value Set to default
	SIG_NAME: _26_Conf_CycleTime_As, STATUS: Invalid Max or Min value., ACTION: Value Set to default
	SIG_NAME: _26_Conf_Endianess_As, STATUS: Invalid Max or Min value., ACTION: Value Set to default
	SIG_NAME: _26_Conf_Sign_As, STATUS: Invalid Max or Min value., ACTION: Value Set to default
	SIG_NAME: _27_Conf_CycleTime_WH, STATUS: Invalid Max or Min value., ACTION: Value Set to default
	SIG_NAME: _27_Conf_Endianess_WH, STATUS: Invalid Max or Min value., ACTION: Value Set to default
	SIG_NAME: _27_Conf_Sign_WH, STATUS: Invalid Max or Min value., ACTION: Value Set to default
	SIG_NAME: _30_Reset_Item, STATUS: Invalid Max or Min value., ACTION: Value Set to default
	SIG_NAME: _30_Reset_Device_SN, STATUS: Invalid Max or Min value., ACTION: Value Set to default
	SIG_NAME: _31_00_Trigger_I, STATUS: Invalid Max or Min value., ACTION: Value Set to default
	SIG_NAME: _32_Store_dummy, STATUS: Invalid Max or Min value., ACTION: Value Set to default
	SIG_NAME: _34_Actual_Mode, STATUS: Invalid Max or Min value., ACTION: Value Set to default
	SIG_NAME: _34_Code_Level, STATUS: Invalid Max or Min value., ACTION: Value Set to default
	SIG_NAME: _34_Startup_Mode, STATUS: Invalid Max or Min value., ACTION: Value Set to default
	SIG_NAME: _35_OC_Pos_Reset_Threshold, STATUS: Invalid Max or Min value., ACTION: Value Set to default
	SIG_NAME: _35_OC_Pos_Set_Threshold, STATUS: Invalid Max or Min value., ACTION: Value Set to default
	SIG_NAME: _36_OC_Neg_Reset_Threshold, STATUS: Invalid Max or Min value., ACTION: Value Set to default
	SIG_NAME: _36_OC_Neg_Set_Threshold, STATUS: Invalid Max or Min value., ACTION: Value Set to default
	SIG_NAME: _3A_RESTART_to_Bitrate, STATUS: Invalid Max or Min value., ACTION: Value Set to default
	SIG_NAME: _3D_Restart_Default_Dummy, STATUS: Invalid Max or Min value., ACTION: Value Set to default
	SIG_NAME: _3F_Restart_Dummy, STATUS: Invalid Max or Min value., ACTION: Value Set to default
	SIG_NAME: _40_Get_MeasError_Item, STATUS: Invalid Max or Min value., ACTION: Value Set to default
	SIG_NAME: _41_Get_SystemError_Item, STATUS: Invalid Max or Min value., ACTION: Value Set to default
	SIG_NAME: _42_Get_AllLogData_Item, STATUS: Invalid Max or Min value., ACTION: Value Set to default
	SIG_NAME: _43_Get_LogData_Item, STATUS: Invalid Max or Min value., ACTION: Value Set to default
	SIG_NAME: _50_Get_Can_ID_SN_I, STATUS: Invalid Max or Min value., ACTION: Value Set to default
	SIG_NAME: _51_Get_Can_ID_SN_U1, STATUS: Invalid Max or Min value., ACTION: Value Set to default
	SIG_NAME: _52_Get_Can_ID_SN_U2, STATUS: Invalid Max or Min value., ACTION: Value Set to default
	SIG_NAME: _53_Get_Can_ID_SN_U3, STATUS: Invalid Max or Min value., ACTION: Value Set to default
	SIG_NAME: _54_Get_Can_ID_SN_T, STATUS: Invalid Max or Min value., ACTION: Value Set to default
	SIG_NAME: _55_Get_Can_ID_SN_W, STATUS: Invalid Max or Min value., ACTION: Value Set to default
	SIG_NAME: _56_Get_Can_ID_SN_As, STATUS: Invalid Max or Min value., ACTION: Value Set to default
	SIG_NAME: _57_Get_Can_ID_SN_Wh, STATUS: Invalid Max or Min value., ACTION: Value Set to default
	SIG_NAME: _5D_Get_Can_ID_SN_Command, STATUS: Invalid Max or Min value., ACTION: Value Set to default
	SIG_NAME: _5F_Get_Can_ID_SN_Response, STATUS: Invalid Max or Min value., ACTION: Value Set to default
	SIG_NAME: _60_Get_Result_dummy_I, STATUS: Invalid Max or Min value., ACTION: Value Set to default
	SIG_NAME: _61_Get_Result_dummy_U1, STATUS: Invalid Max or Min value., ACTION: Value Set to default
	SIG_NAME: _62_Get_Result_dummy_U2, STATUS: Invalid Max or Min value., ACTION: Value Set to default
	SIG_NAME: _63_Get_Result_dummy_U3, STATUS: Invalid Max or Min value., ACTION: Value Set to default
	SIG_NAME: _64_Get_Result_dummy_T, STATUS: Invalid Max or Min value., ACTION: Value Set to default
	SIG_NAME: _65_Get_Result_dummy_W, STATUS: Invalid Max or Min value., ACTION: Value Set to default
	SIG_NAME: _66_Get_Result_dummy_As, STATUS: Invalid Max or Min value., ACTION: Value Set to default
	SIG_NAME: _67_Get_Result_dummy_Wh, STATUS: Invalid Max or Min value., ACTION: Value Set to default
	SIG_NAME: _73_Get_OC_Test_dummy, STATUS: Invalid Max or Min value., ACTION: Value Set to default
	SIG_NAME: _74_Get_Mode_dummy, STATUS: Invalid Max or Min value., ACTION: Value Set to default
	SIG_NAME: _75_Get_OC_Pos_dummy, STATUS: Invalid Max or Min value., ACTION: Value Set to default
	SIG_NAME: _76_Get_OC_Neg_dummy, STATUS: Invalid Max or Min value., ACTION: Value Set to default
	SIG_NAME: _79_Get_Device_Id_dummy, STATUS: Invalid Max or Min value., ACTION: Value Set to default
	SIG_NAME: _7A_Get_SW_Version_dummy, STATUS: Invalid Max or Min value., ACTION: Value Set to default
	SIG_NAME: _7B_Get_Serien_Nr_dummy, STATUS: Invalid Max or Min value., ACTION: Value Set to default
	SIG_NAME: _7C_Get_Art_Nr_dummy, STATUS: Invalid Max or Min value., ACTION: Value Set to default
	SIG_NAME: IVT_ID_Cmd, STATUS: Invalid Max or Min value., ACTION: Value Set to default

MSG_ID: 1795 	MSG_TYPE: S 	MSG_NAME: Master_MSC_ID_2
	SIG_NAME: master_runtime, STATUS: Invalid Max or Min value., ACTION: Value Set to default
	SIG_NAME: fault1_code, STATUS: Invalid Max or Min value., ACTION: Value Set to default
	SIG_NAME: fault1_index_type, STATUS: Invalid Max or Min value., ACTION: Value Set to default
	SIG_NAME: fault1_index_value, STATUS: Invalid Max or Min value., ACTION: Value Set to default
	SIG_NAME: fault2_code, STATUS: Invalid Max or Min value., ACTION: Value Set to default
	SIG_NAME: fault2_index_type, STATUS: Invalid Max or Min value., ACTION: Value Set to default
	SIG_NAME: fault2_index_value, STATUS: Invalid Max or Min value., ACTION: Value Set to default

MSG_ID: 1796 	MSG_TYPE: S 	MSG_NAME: Master_MSC_ID_3
	SIG_NAME: overall_maximum_voltage, STATUS: Invalid Max or Min value., ACTION: Value Set to default
	SIG_NAME: overall_maximum_temperature, STATUS: Invalid Max or Min value., ACTION: Value Set to default
	SIG_NAME: overall_minimum_voltage, STATUS: Invalid Max or Min value., ACTION: Value Set to default
	SIG_NAME: overall_minimum_temperature, STATUS: Invalid Max or Min value., ACTION: Value Set to default

MSG_ID: 1808 	MSG_TYPE: S 	MSG_NAME: APPS_ADC_Raw
	SIG_NAME: apps1_raw, STATUS: Invalid Max or Min value., ACTION: Value Set to default
	SIG_NAME: apps2_raw, STATUS: Invalid Max or Min value., ACTION: Value Set to default

MSG_ID: 1856 	MSG_TYPE: S 	MSG_NAME: DashBoard
	SIG_NAME: ignition_switch_raw, STATUS: Invalid Max or Min value., ACTION: Value Set to default
	SIG_NAME: r2d_button_raw, STATUS: Invalid Max or Min value., ACTION: Value Set to default

MSG_ID: 1797 	MSG_TYPE: S 	MSG_NAME: Master_SOC_Accumulator
	SIG_NAME: SOC_Integer, STATUS: Invalid Max or Min value., ACTION: Value Set to default
	SIG_NAME: SOC_Float, STATUS: Invalid Max or Min value., ACTION: Value Set to default

MSG_ID: 129 	MSG_TYPE: S 	MSG_NAME: Start_Charging
	SIG_NAME: Charging_Request, STATUS: Invalid Max or Min value., ACTION: Value Set to default

MSG_ID: 1872 	MSG_TYPE: S 	MSG_NAME: VCU_states
	SIG_NAME: vcu_state, STATUS: Invalid Max or Min value., ACTION: Value Set to default

MSG_ID: 1604 	MSG_TYPE: S 	MSG_NAME: Slave_10_MSC_ID_1
	SIG_NAME: module_voltage_sum, STATUS: Invalid Max or Min value., ACTION: Value Set to default
	SIG_NAME: module_voltage_avg, STATUS: Invalid Max or Min value., ACTION: Value Set to default
	SIG_NAME: module_voltage_min, STATUS: Invalid Max or Min value., ACTION: Value Set to default
	SIG_NAME: module_voltage_max, STATUS: Invalid Max or Min value., ACTION: Value Set to default

MSG_ID: 1073741824 	MSG_TYPE: X 	MSG_NAME: VECTOR__INDEPENDENT_SIG_MSG
	SIG_NAME: modules_detected, STATUS: No error, ACTION: Signal Discarded
	SIG_NAME: CMD_MaxDcCurrent, STATUS: No error, ACTION: Signal Discarded
	SIG_NAME: CMD_MaxAcBrakeCurrent, STATUS: No error, ACTION: Signal Discarded
	SIG_NAME: CMD_MaxAcCurrent, STATUS: No error, ACTION: Signal Discarded
	SIG_NAME: CMD_TargeRelativeBrakeCurrent, STATUS: No error, ACTION: Signal Discarded
	SIG_NAME: CMD_TargetRelativeCurrent, STATUS: No error, ACTION: Signal Discarded
	SIG_NAME: ControlMode, STATUS: No error, ACTION: Signal Discarded
	SIG_NAME: TargetIq, STATUS: No error, ACTION: Signal Discarded
	SIG_NAME: MotorPosition, STATUS: No error, ACTION: Signal Discarded
	SIG_NAME: isMotorStill, STATUS: No error, ACTION: Signal Discarded
	SIG_NAME: CMD_SetDigOutput1, STATUS: No error, ACTION: Signal Discarded
	SIG_NAME: CMD_SetDigOutput2, STATUS: No error, ACTION: Signal Discarded
	SIG_NAME: CMD_SetDigOutput3, STATUS: No error, ACTION: Signal Discarded
	SIG_NAME: CMD_SetDigOutput4, STATUS: No error, ACTION: Signal Discarded
	SIG_NAME: CMD_MaxDcBrakeCurrent, STATUS: No error, ACTION: Signal Discarded
	SIG_NAME: MaxAcCurrent, STATUS: No error, ACTION: Signal Discarded
	SIG_NAME: AvailableMaxAcCurrent, STATUS: No error, ACTION: Signal Discarded
	SIG_NAME: MinAcCurrent, STATUS: No error, ACTION: Signal Discarded
	SIG_NAME: AvailableMinAcCurrent, STATUS: No error, ACTION: Signal Discarded
	SIG_NAME: MaxDcCurrent, STATUS: No error, ACTION: Signal Discarded
	SIG_NAME: AvailableMaxDcCurrent, STATUS: No error, ACTION: Signal Discarded
	SIG_NAME: MinDcCurrent, STATUS: No error, ACTION: Signal Discarded
	SIG_NAME: AvailableMinDcCurrent, STATUS: No error, ACTION: Signal Discarded
	SIG_NAME: CMD_TargetSpeed, STATUS: No error, ACTION: Signal Discarded
	SIG_NAME: CMD_TargetBrakeCurrent, STATUS: No error, ACTION: Signal Discarded
	SIG_NAME: CMD_TargetPosition, STATUS: No error, ACTION: Signal Discarded
	SIG_NAME: CMD_TargetAcCurrent, STATUS: No error, ACTION: Signal Discarded
	SIG_NAME: Actual_Throttle, STATUS: No error, ACTION: Signal Discarded
	SIG_NAME: Actual_Brake, STATUS: No error, ACTION: Signal Discarded
	SIG_NAME: Digital_input_1, STATUS: No error, ACTION: Signal Discarded
	SIG_NAME: Digital_input_2, STATUS: No error, ACTION: Signal Discarded
	SIG_NAME: Digital_input_3, STATUS: No error, ACTION: Signal Discarded
	SIG_NAME: Digital_input_4, STATUS: No error, ACTION: Signal Discarded
	SIG_NAME: Digital_output_1, STATUS: No error, ACTION: Signal Discarded
	SIG_NAME: Digital_output_2, STATUS: No error, ACTION: Signal Discarded
	SIG_NAME: Digital_output_3, STATUS: No error, ACTION: Signal Discarded
	SIG_NAME: Digital_output_4, STATUS: No error, ACTION: Signal Discarded
	SIG_NAME: Drive_enable, STATUS: No error, ACTION: Signal Discarded
	SIG_NAME: Capacitor_temp_limit, STATUS: No error, ACTION: Signal Discarded
	SIG_NAME: DC_current_limit, STATUS: No error, ACTION: Signal Discarded
	SIG_NAME: Drive_enable_limit, STATUS: No error, ACTION: Signal Discarded
	SIG_NAME: IGBT_accel_limit, STATUS: No error, ACTION: Signal Discarded
	SIG_NAME: IGBT_temp_limit, STATUS: No error, ACTION: Signal Discarded
	SIG_NAME: Input_voltage_limit, STATUS: No error, ACTION: Signal Discarded
	SIG_NAME: Motor_accel_limit, STATUS: No error, ACTION: Signal Discarded
	SIG_NAME: Motor_temp_limit, STATUS: No error, ACTION: Signal Discarded
	SIG_NAME: RPM_min_limit, STATUS: No error, ACTION: Signal Discarded
	SIG_NAME: RPM_max_limit, STATUS: No error, ACTION: Signal Discarded
	SIG_NAME: Power_limit, STATUS: No error, ACTION: Signal Discarded
	SIG_NAME: CMD_DriveEnable, STATUS: No error, ACTION: Signal Discarded
	SIG_NAME: Actual_FOC_id, STATUS: No error, ACTION: Signal Discarded
	SIG_NAME: Actual_FOC_iq, STATUS: No error, ACTION: Signal Discarded
	SIG_NAME: Actual_TempController, STATUS: No error, ACTION: Signal Discarded
	SIG_NAME: Actual_TempMotor, STATUS: No error, ACTION: Signal Discarded
	SIG_NAME: Actual_FaultCode, STATUS: No error, ACTION: Signal Discarded
	SIG_NAME: Actual_ACCurrent, STATUS: No error, ACTION: Signal Discarded
	SIG_NAME: Actual_DCCurrent, STATUS: No error, ACTION: Signal Discarded
	SIG_NAME: Actual_ERPM, STATUS: No error, ACTION: Signal Discarded
	SIG_NAME: Actual_Duty, STATUS: No error, ACTION: Signal Discarded
	SIG_NAME: Actual_InputVoltage, STATUS: No error, ACTION: Signal Discarded
